= comments
| some code
| some code
| some code

= strings
- 'foo'
-
   """ foo
- 'doesn''t even'
- "he said ""whoa"", then made the leap"
-
   """ doesn't even
-
   """ foo
   """ bar
