%% Sugar
   ,, [][]
   ,, ()()
   ,, [x]()
   ,, (| x)[]
   ,, []()[]()

%% Nest
   ,, (:)
   ,, (: x)[]
   ,, (x : y)[]

%% Shut
   ,, (x:y)()
   ,, (:x)()
   ,, (?(x,_))()

%% Examples
   ,, (x y z)(= x 0)(= y x)(= z y)
   ,, (x%3)(y % 4)(% z 5)
   ,, (? T T T)(? _ _ F)
